// Jest Snapshot v1, https://goo.gl/fbAQLP

exports[`cosmosDBStubResponse 1`] = `
Store {
  "Documents": "fakedata",
  "_count": 0,
  "_rid": undefined,
}
`;
