// Jest Snapshot v1, https://goo.gl/fbAQLP

exports[`directLineStubResponse 1`] = `
Store {
  "values": "fakedata",
}
`;
